{
  "version": "1.5.0",
  "plugins_used": [
    {
      "name": "ArtifactoryDetector"
    },
    {
      "name": "AWSKeyDetector"
    },
    {
      "name": "AzureStorageKeyDetector"
    },
    {
      "name": "Base64HighEntropyString",
      "limit": 4.5
    },
    {
      "name": "BasicAuthDetector"
    },
    {
      "name": "CloudantDetector"
    },
    {
      "name": "IbmCloudIamDetector"
    },
    {
      "name": "IbmCosHmacDetector"
    },
    {
      "name": "JwtTokenDetector"
    },
    {
      "name": "KeywordDetector",
      "keyword_exclude": ""
    },
    {
      "name": "MailchimpDetector"
    },
    {
      "name": "PrivateKeyDetector"
    },
    {
      "name": "SlackDetector"
    },
    {
      "name": "StripeDetector"
    }
  ],
  "filters_used": [
    {
      "path": "detect_secrets.filters.allowlist.is_line_allowlisted"
    },
    {
      "path": "detect_secrets.filters.common.is_baseline_file",
      "filename": ".secrets.baseline"
    },
    {
      "path": "detect_secrets.filters.common.is_ignored_due_to_verification_policies",
      "min_level": 2
    },
    {
      "path": "detect_secrets.filters.heuristic.is_indirect_reference"
    },
    {
      "path": "detect_secrets.filters.heuristic.is_known_liberal_token"
    },
    {
      "path": "detect_secrets.filters.heuristic.is_likely_id_string"
    },
    {
      "path": "detect_secrets.filters.heuristic.is_potential_uuid"
    },
    {
      "path": "detect_secrets.filters.heuristic.is_swagger_file"
    },
    {
      "path": "detect_secrets.filters.heuristic.is_templated_secret"
    }
  ],
  "results": {
    "packages/vertex-forager/tests/conftest.py": [
      {
        "type": "Secret Keyword",
        "filename": "packages/vertex-forager/tests/conftest.py",
        "hashed_secret": "dc1abc7f0c453564fa2538999dde8c8513fa1006",
        "is_verified": false,
        "line_number": 92
      }
    ],
    "packages/vertex-forager/tests/unit/test_router.py": [
      {
        "type": "Secret Keyword",
        "filename": "packages/vertex-forager/tests/unit/test_router.py",
        "hashed_secret": "767ef7376d44bb6e52b390ddcd12c1cb1b3902a4",
        "is_verified": false,
        "line_number": 34
      }
    ],
    "packages/vertex-forager/tests/unit/test_yfinance_client.py": [
      {
        "type": "Secret Keyword",
        "filename": "packages/vertex-forager/tests/unit/test_yfinance_client.py",
        "hashed_secret": "caf8f56f84cc0ce78d0241adf882e31a8b5953ea",
        "is_verified": false,
        "line_number": 41
      }
    ]
  },
  "generated_at": "2026-03-26T10:39:03Z"
}
